
> build
> next build

node.exe : [baseline-browser-mapping] The data in this module is over two months old.  To ensure accurate Baseline 
data, please update: `npm i baseline-browser-mapping@latest -D`
At C:\Program Files\nodejs\npm.ps1:29 char:3
+   & $NODE_EXE $NPM_CLI_JS $args
+   ~~~~~~~~~~~~~~~~~~~~~~~~~~~~~
    + CategoryInfo          : NotSpecified: ([baseline-brows...ping@latest -D`:String) [], RemoteException
    + FullyQualifiedErrorId : NativeCommandError
 
   Γû▓ Next.js 16.0.10 (Turbopack)
   - Environments: .env
   - Experiments (use with caution):
     ┬╖ serverActions

   Creating an optimized production build ...
[baseline-browser-mapping] The data in this module is over two months old.  To ensure accurate Baseline data, please 
update: `npm i baseline-browser-mapping@latest -D`

<--- Last few GCs --->

[16900:0000017DC0D31000]      360 ms: Scavenge 8.7 (12.0) -> 7.5 (12.5) MB, pooled: 0 MB, 1.03 / 0.01 ms  (average mu 
= 1.000, current mu = 1.000) task; 
[16900:0000017DC0D31000]     8346 ms: Mark-Compact (reduce) 7.9 (12.5) -> 6.9 (9.5) MB, pooled: 0 MB, 3.98 / 0.01 ms  
(+ 0.0 ms in 0 steps since start of marking, biggest step 0.0 ms, walltime since start of marking 18 ms) (average mu = 
1.000, current mu 

<--- JS stacktrace --->

FATAL ERROR: Committing semi space failed. Allocation failed - JavaScript heap out of memory
----- Native stack trace -----

 1: 00007FF6F437FB1D node::SetCppgcReference+16781
 2: 00007FF6F42E6EA8 EVP_MD_meth_get_input_blocksize+98760
 3: 00007FF6F4FE22A1 v8::Isolate::ReportExternalAllocationLimitReached+65
 4: 00007FF6F4FCEB56 v8::Function::Experimental_IsNopFunction+2694
 5: 00007FF6F4E0A780 v8::internal::StrongRootAllocatorBase::StrongRootAllocatorBase+33824
 6: 00007FF6F4DBF1C3 v8::Platform::SystemClockTimeMillis+384563
 7: 00007FF6F4DEBF73 v8::Platform::SystemClockTimeMillis+568291
 8: 00007FF6F4E10EE7 v8::internal::StrongRootAllocatorBase::StrongRootAllocatorBase+60295
 9: 00007FF6F4E13793 v8::internal::StrongRootAllocatorBase::StrongRootAllocatorBase+70707
10: 00007FF6F4E037A9 v8::internal::StrongRootAllocatorBase::StrongRootAllocatorBase+5193
11: 00007FF6F4DFF81D v8::Platform::SystemClockTimeMillis+648333
12: 00007FF6F462184D BIO_ssl_shutdown+189
13: 00007FF6F4E07376 v8::internal::StrongRootAllocatorBase::StrongRootAllocatorBase+20502
14: 00007FF6F4DFC188 v8::Platform::SystemClockTimeMillis+634360
15: 00007FF6F4DFEE83 v8::Platform::SystemClockTimeMillis+645875
16: 00007FF6F4260228 X509_STORE_get_cleanup+4680
17: 00007FF6F425EC9E node::TriggerNodeReport+83374
18: 00007FF6F43F493B uv_update_time+475
19: 00007FF6F43F44A4 uv_run+884
20: 00007FF6F43C4525 node::SpinEventLoop+405
21: 00007FF6F428D95A v8_inspector::protocol::Binary::operator=+130346
22: 00007FF6F432E82C node::Start+4796
23: 00007FF6F432D597 node::Start+39
24: 00007FF6F409F3ED AES_cbc_encrypt+158237
25: 00007FF6F5D05174 inflateValidate+29428
26: 00007FFCA9AB7374 BaseThreadInitThunk+20
27: 00007FFCAA2DCC91 RtlUserThreadStart+33
